// Jest Snapshot v1, https://goo.gl/fbAQLP

exports[`Hero component Matches snapshot 1`] = `
<div
  class=" h-[60vh] flex flex-col items-center text-center bg-gradient-to-b from-white via-blue-500 to-white  "
  data-testid="hero-div"
>
  <div
    class="backdrop-blur-xl bg-white/80 h-full "
  >
    <h1
      class="text-4xl md:text-6xl py-4 px-12"
    >
      Communication
       
      <span
        class="text-blue-600"
      >
        made simple
      </span>
       
      for fixers and musicians.
    </h1>
    <p
      class="p-4 text-slate-700"
    >
      Seamless communication and effortless fixing for orchestras and musicians.
    </p>
    <div
      class="flex flex-row flex-wrap w-full justify-center"
    >
      <button
        class="m-2 bg-black hover:bg-slate-700 text-white rounded-full py-2 px-4 text-sm "
      >
        Start now
      </button>
      <a
        class="m-2 border hover:border-slate-300 text-black rounded-full py-2 px-4 text-sm "
        href="/"
      >
        Learn more
      </a>
    </div>
  </div>
</div>
`;
