// Jest Snapshot v1, https://goo.gl/fbAQLP

exports[`FixerFeatures component Matches snapshot 1`] = `
<div
  class="border mx-2 my-4 py-4 rounded-lg"
  data-testid="fixer-features"
>
  <div
    class="py-8 px-6 "
  >
    <p
      class="text-blue-600 font-bold text-xl"
    >
      Fix faster
    </p>
    <h2
      class="text-3xl font-extrabold py-2"
    >
      Everything you need to book an orchestra
    </h2>
  </div>
  <div
    class="flex flex-col px-6 md:flex-row flex-wrap"
  >
    <div
      class="flex flex-row  my-4  md:w-1/2"
    >
      <div
        class="text-blue-600 text-2xl py-2 md:px-2"
      >
        <svg
          fill="currentColor"
          height="1em"
          stroke="currentColor"
          stroke-width="0"
          viewBox="0 0 640 512"
          width="1em"
          xmlns="http://www.w3.org/2000/svg"
        >
          <path
            d="M32,224H64V416H32A31.96166,31.96166,0,0,1,0,384V256A31.96166,31.96166,0,0,1,32,224Zm512-48V448a64.06328,64.06328,0,0,1-64,64H160a64.06328,64.06328,0,0,1-64-64V176a79.974,79.974,0,0,1,80-80H288V32a32,32,0,0,1,64,0V96H464A79.974,79.974,0,0,1,544,176ZM264,256a40,40,0,1,0-40,40A39.997,39.997,0,0,0,264,256Zm-8,128H192v32h64Zm96,0H288v32h64ZM456,256a40,40,0,1,0-40,40A39.997,39.997,0,0,0,456,256Zm-8,128H384v32h64ZM640,256V384a31.96166,31.96166,0,0,1-32,32H576V224h32A31.96166,31.96166,0,0,1,640,256Z"
          />
        </svg>
      </div>
      <div
        class="flex flex-col px-4"
      >
        <h3
          class="text-lg font-extrabold py-2"
        >
          Automated fixing
        </h3>
                  
      </div>
    </div>
    <div
      class="flex flex-row  my-4  md:w-1/2"
    >
      <div
        class="text-blue-600 text-2xl py-2 md:px-2"
      >
        <svg
          fill="currentColor"
          height="1em"
          stroke="currentColor"
          stroke-width="0"
          viewBox="0 0 24 24"
          width="1em"
          xmlns="http://www.w3.org/2000/svg"
        >
          <path
            d="M21 5c0-1.103-.897-2-2-2H5c-1.103 0-2 .897-2 2v14c0 1.103.897 2 2 2h14c1.103 0 2-.897 2-2V5zM5 19V5h14l.002 14H5z"
          />
          <path
            d="M7 7h1.998v2H7zm4 0h6v2h-6zm-4 4h1.998v2H7zm4 0h6v2h-6zm-4 4h1.998v2H7zm4 0h6v2h-6z"
          />
        </svg>
      </div>
      <div
        class="flex flex-col px-4"
      >
        <h3
          class="text-lg font-extrabold py-2"
        >
          Gig interface
        </h3>
                  
      </div>
    </div>
    <div
      class="flex flex-row  my-4  md:w-1/2"
    >
      <div
        class="text-blue-600 text-2xl py-2 md:px-2"
      >
        <svg
          fill="currentColor"
          height="1em"
          role="img"
          stroke="currentColor"
          stroke-width="0"
          viewBox="0 0 24 24"
          width="1em"
          xmlns="http://www.w3.org/2000/svg"
        >
          <title />
          <path
            d="M.92 3.332c-.776 0-1.216.67-.692 1.383l2.537 4.403v7.86c0 2.013 1.467 3.69 3.459 3.69H20.31a3.75 3.75 0 003.69-3.69V7.043a3.723 3.723 0 00-3.668-3.71zm5.786 3.71H20.1c.587 0 1.153.357 1.153.923 0 .566-.566.922-1.153.922H6.706c-.587 0-1.153-.356-1.153-.922 0-.566.566-.923 1.153-.923zm0 3.69H20.1c.587 0 1.153.356 1.153.922 0 .566-.566.922-1.153.922H6.706c-.587 0-1.153-.356-1.153-.922 0-.566.566-.922 1.153-.922zm-.021 3.71h9.705c.587 0 1.153.356 1.153.922 0 .566-.566.923-1.153.923H6.685c-.587 0-1.153-.357-1.153-.923 0-.566.566-.922 1.153-.922Z"
          />
        </svg>
      </div>
      <div
        class="flex flex-col px-4"
      >
        <h3
          class="text-lg font-extrabold py-2"
        >
          Direct communication with the players
        </h3>
                  
      </div>
    </div>
    <div
      class="flex flex-row  my-4  md:w-1/2"
    >
      <div
        class="text-blue-600 text-2xl py-2 md:px-2"
      >
        <svg
          fill="currentColor"
          height="1em"
          role="img"
          stroke="currentColor"
          stroke-width="0"
          viewBox="0 0 24 24"
          width="1em"
          xmlns="http://www.w3.org/2000/svg"
        >
          <title />
          <path
            d="M12 0C5.375 0 0 5.375 0 12c0 6.627 5.375 12 12 12 6.626 0 12-5.373 12-12 0-6.625-5.373-12-12-12zm-.624 21.62v-7.528H7.19L13.203 2.38v7.528h4.029L11.376 21.62z"
          />
        </svg>
      </div>
      <div
        class="flex flex-col px-4"
      >
        <h3
          class="text-lg font-extrabold py-2"
        >
          Instant fixing
        </h3>
                  
      </div>
    </div>
  </div>
</div>
`;
