// Jest Snapshot v1, https://goo.gl/fbAQLP

exports[`Hero component Matches snapshot 1`] = `
<div
  class=" flex flex-col items-center text-center px-10 py-32"
  data-testid="hero-div"
>
  <h1
    class="text-6xl font-semibold py-4"
  >
    Communication
     
    <span
      class="text-blue-600"
    >
      made simple
    </span>
     
    for fixers and musicians.
  </h1>
  <p
    class="p-4 text-slate-700"
  >
    Sed ut perspiciatis unde omnis iste natus error sit voluptatem accusantium doloremque laudantium.
  </p>
  <div>
    <button
      class="m-2 bg-black hover:bg-slate-700 text-white rounded-full py-2 px-4 text-sm "
    >
      Get 6 months free
    </button>
    <button
      class="m-2 border hover:border-slate-300 text-black rounded-full py-2 px-4 text-sm "
    >
      Watch video
    </button>
  </div>
</div>
`;
